2026-02-26 18:06:11 | [10.0.0.103 rdp_remove] Inicio remove para gchavez en Remote Desktop Users y remove
2026-02-26 18:06:14 | [10.0.0.103 rdp_remove] SP ejecutado rdu_infraRegistrarRevocacionRDU
2026-02-26 18:06:14 | [10.0.0.102 rdp_remove] No se asigna FINALIZADO en 102 POR NumReg NULL
2026-02-26 18:06:14 | Proceso OK
2026-02-26 18:06:14 | REMOVE OK
2026-03-02 08:38:35 | [10.0.0.103 rdp_remove] Inicio remove para .\ecordova en Remote Desktop Users y remove
2026-03-02 08:38:38 | [10.0.0.103 rdp_remove] SP ejecutado rdu_infraRegistrarRevocacionRDU
2026-03-02 08:38:38 | [10.0.0.102 rdp_remove] No se asigna FINALIZADO en 102 POR NumReg NULL
2026-03-02 08:38:38 | Proceso OK
2026-03-02 08:38:38 | REMOVE OK
2026-03-03 10:48:08 | [10.0.0.103] Inicio proceso ADD de RDP para .\jtoledo en Administrators
2026-03-03 10:48:11 | SP ejecutado OK:: rdu_infraRegistrarAsignacionRDU Usuario [.\jtoledo] NumReg [16846] Estado [2]
2026-03-03 10:48:11 | Proceso OK
2026-03-05 14:39:46 | ERROR: System error 1378 has occurred.
2026-03-05 14:40:19 | [10.0.0.102 rdp_remove] No se asigna FINALIZADO en 102 POR NumReg NULL
2026-03-05 14:42:06 | SP ejecutado OK:: rdu_infraRegistrarAsignacionRDU Usuario [.\jtoledo] NumReg [16886] Estado [2]
2026-03-05 14:42:07 | Proceso OK
2026-03-09 10:20:36 | Proceso completado Ok. .\jtoledo en 'Administrators', NumReg: 16936, Estado: '2', Expira: '2026-03-11 00:00', HoraExpira: '2026-03-09 11:00'
2026-03-24 15:16:20 | Proceso completado Ok. .\jtoledo en 'Remote Desktop Users', NumReg: 17073, Estado: '2', Expira: '2026-03-26 00:00', HoraExpira: '2026-03-24 16:30'
2026-03-30 16:32:16 | Proceso completado Ok. .\ecordova en 'Remote Desktop Users', NumReg: 17133, Estado: '2', Expira: '2026-04-01 00:00', HoraExpira: '2026-03-30 17:00'
2026-03-31 10:08:46 | Proceso completado Ok. .\jtoledo en 'Remote Desktop Users', NumReg: 17136, Estado: '2', Expira: '2026-04-02 00:00', HoraExpira: '2026-03-31 10:45'
2026-03-31 11:22:07 | Proceso completado Ok. .\gchavez en 'Remote Desktop Users', NumReg: 17137, Estado: '2', Expira: '2026-04-02 00:00', HoraExpira: '2026-03-31 13:22'
2026-04-01 09:44:37 | Proceso completado Ok. .\gchavez en 'Administrators', NumReg: 17145, Estado: '2', Expira: '2026-04-03 00:00', HoraExpira: '2026-04-01 11:44'
2026-04-06 17:13:13 | Proceso completado Ok. .\ecordova en 'Remote Desktop Users', NumReg: 17200, Estado: '2', Expira: '2026-04-08 00:00', HoraExpira: '2026-04-06 17:40'
2026-04-06 17:13:20 | Proceso completado Ok. .\gchavez en 'Administrators', NumReg: 17201, Estado: '2', Expira: '2026-04-08 00:00', HoraExpira: '2026-04-06 18:13'
2026-04-08 09:45:11 | Proceso completado Ok. .\jtoledo en 'Administrators', NumReg: 17209, Estado: '2', Expira: '2026-04-10 00:00', HoraExpira: '2026-04-08 10:50'
2026-05-04 09:52:18 | Proceso completado Ok. .\ecordova en 'Remote Desktop Users', NumReg: 17452, Estado: '2', Expira: '2026-05-06 00:00', HoraExpira: '2026-05-04 10:50'
2026-05-08 16:25:18 | Proceso completado Ok. .\ecordova en 'Remote Desktop Users', NumReg: 17494, Estado: '2', Expira: '2026-05-10 00:00', HoraExpira: '2026-05-08 16:00'
2026-05-12 15:11:36 | Proceso completado Ok. .\ecordova en 'Remote Desktop Users', NumReg: 17540, Estado: '2', Expira: '2026-05-14 00:00', HoraExpira: '2026-05-12 15:00'
2026-05-12 15:52:55 | Proceso completado Ok. .\jtoledo en 'Remote Desktop Users', NumReg: 17541, Estado: '2', Expira: '2026-05-14 00:00', HoraExpira: '2026-05-12 16:55'
2026-05-14 15:06:38 | Proceso completado Ok. .\ecordova en , NumReg: , Estado: , Expira: '2026-05-16 15:00', HoraExpira: 
2026-05-14 15:06:38 | Proceso completado Ok. .\ecordova en 'Remote Desktop Users', NumReg: 17555, Estado: '2', Expira: '2026-05-16 00:00', HoraExpira: '2026-05-14 15:00'
2026-05-19 08:21:30 | Proceso completado Ok. .\ecordova en 'Remote Desktop Users', NumReg: 17606, Estado: '2', Expira: '2026-05-21 00:00', HoraExpira: '2026-05-19 09:00'
2026-05-20 08:23:05 | Proceso completado Ok. .\ecordova en , NumReg: , Estado: , Expira: '2026-05-22 09:30', HoraExpira: 
2026-05-20 08:23:06 | Proceso completado Ok. .\ecordova en 'Remote Desktop Users', NumReg: 17610, Estado: '2', Expira: '2026-05-22 00:00', HoraExpira: '2026-05-20 09:30'
2026-05-25 16:08:32 | [10.0.0.103 rdpAdd] No responde al ping
2026-05-25 16:10:23 | Proceso completado Ok. .\ecordova en 'Remote Desktop Users', NumReg: 17650, Estado: '2', Expira: '2026-05-27 00:00', HoraExpira: '2026-05-25 17:10'
2026-05-28 12:12:02 | Proceso completado Ok. .\ecordova en 'Remote Desktop Users', NumReg: 17694, Estado: '2', Expira: '2026-05-30 00:00', HoraExpira: '2026-05-28 13:12'
2026-05-28 13:18:08 | Proceso completado Ok. .\ecordova en , NumReg: , Estado: , Expira: '2026-06-04 13:12', HoraExpira: 
2026-05-28 13:18:09 | Proceso completado Ok. .\ecordova en 'Remote Desktop Users', NumReg: 17694, Estado: '2', Expira: '2026-06-04 00:00', HoraExpira: '2026-05-28 13:12'
2026-06-05 09:01:01 | Proceso completado Ok. .\ecordova en 'Remote Desktop Users', NumReg: 17740, Estado: '2', Expira: '2026-06-12 00:00', HoraExpira: '2026-06-05 09:30'
2026-06-15 09:16:37 | Proceso completado Ok. .\ecordova en 'Remote Desktop Users', NumReg: 17837, Estado: '2', Expira: '2026-06-22 00:00', HoraExpira: '2026-06-15 09:30'
2026-06-22 11:31:50 | Proceso completado Ok. .\ecordova en 'Remote Desktop Users', NumReg: 17904, Estado: '2', Expira: '2026-06-29 00:00', HoraExpira: '2026-06-22 12:00'
2026-06-24 13:02:37 | Proceso completado Ok. .\gchavez en 'Remote Desktop Users', NumReg: 17919, Estado: '2', Expira: '2026-06-26 00:00', HoraExpira: '2026-06-24 14:00'
2026-06-24 16:11:56 | Proceso completado Ok. .\jtoledo en 'Administrators', NumReg: 17921, Estado: '2', Expira: '2026-06-26 00:00', HoraExpira: '2026-06-24 15:00'
2026-06-29 13:13:03 | Proceso completado Ok. .\ecordova en , NumReg: , Estado: , Expira: '2026-07-06 12:00', HoraExpira: 
2026-06-29 13:13:03 | Proceso completado Ok. .\ecordova en 'Remote Desktop Users', NumReg: 17934, Estado: '2', Expira: '2026-07-06 00:00', HoraExpira: '2026-06-29 12:00'
2026-06-30 14:18:51 | Proceso completado Ok. .\gchavez en 'Remote Desktop Users', NumReg: 17969, Estado: '2', Expira: '2026-07-02 00:00', HoraExpira: '2026-06-30 15:00'
2026-07-03 13:37:25 | Proceso completado Ok. .\jtoledo en 'Administrators', NumReg: 17993, Estado: '2', Expira: '2026-07-05 00:00', HoraExpira: '2026-07-03 13:00'
2026-07-03 15:51:09 | Proceso completado Ok. .\gchavez en 'Remote Desktop Users', NumReg: 17995, Estado: '2', Expira: '2026-07-04 00:00', HoraExpira: '2026-07-03 21:00'
2026-07-06 12:40:05 | Proceso completado Ok. .\ecordova en 'Remote Desktop Users', NumReg: 18043, Estado: '2', Expira: '2026-07-13 00:00', HoraExpira: '2026-07-06 13:00'
2026-07-06 15:07:58 | Proceso completado Ok. .\jtoledo en 'Administrators', NumReg: 18047, Estado: '2', Expira: '2026-07-08 00:00', HoraExpira: '2026-07-06 15:00'
2026-07-09 10:06:39 | Proceso completado Ok. .\gchavez en 'Remote Desktop Users', NumReg: 18062, Estado: '2', Expira: '2026-07-11 00:00', HoraExpira: '2026-07-09 11:00'
2026-07-09 13:40:27 | Proceso completado Ok. .\jtoledo en 'Administrators', NumReg: 18067, Estado: '2', Expira: '2026-07-11 00:00', HoraExpira: '2026-07-09 14:00'
2026-07-13 12:27:10 | Proceso completado Ok. .\ecordova en 'Remote Desktop Users', NumReg: 18104, Estado: '2', Expira: '2026-07-20 00:00', HoraExpira: '2026-07-13 13:00'
2026-07-15 16:39:52 | Proceso completado Ok. .\jtoledo en 'Administrators', NumReg: 18126, Estado: '2', Expira: '2026-07-17 00:00', HoraExpira: '2026-07-15 17:00'
2026-07-20 10:41:18 | Proceso completado Ok. .\ecordova en , NumReg: , Estado: , Expira: '2026-07-27 13:00', HoraExpira: 
2026-07-20 10:41:18 | Proceso completado Ok. .\ecordova en 'Remote Desktop Users', NumReg: 18155, Estado: '2', Expira: '2026-07-27 00:00', HoraExpira: '2026-07-20 11:00'
2026-07-21 09:27:38 | Proceso completado Ok. .\mcobos en 'Remote Desktop Users', NumReg: 18167, Estado: '2', Expira: '2026-07-27 00:00', HoraExpira: '2026-07-21 11:00'
2026-07-21 16:04:57 | Proceso completado Ok. .\gchavez en 'Remote Desktop Users', NumReg: 18179, Estado: '2', Expira: '2026-07-23 00:00', HoraExpira: '2026-07-21 17:00'
2026-07-23 16:38:24 | Proceso completado Ok. .\mcobos en , NumReg: , Estado: , Expira: '2026-07-27 11:00', HoraExpira: 
2026-07-23 16:38:25 | Proceso completado Ok. .\mcobos en 'Remote Desktop Users', NumReg: 18167, Estado: '2', Expira: '2026-07-27 00:00', HoraExpira: '2026-07-23 11:00'
2026-07-27 13:43:31 | Proceso completado Ok. .\jtoledo en 'Administrators', NumReg: 18235, Estado: '2', Expira: '2026-07-29 00:00', HoraExpira: '2026-07-27 14:00'
2026-07-28 09:34:54 | Proceso completado Ok. .\ecordova en 'Remote Desktop Users', NumReg: 18239, Estado: '2', Expira: '2026-08-04 00:00', HoraExpira: '2026-07-28 10:00'
2026-07-30 10:11:15 | Proceso completado Ok. .\gchavez en 'Remote Desktop Users', NumReg: 18253, Estado: '2', Expira: '2026-08-01 00:00', HoraExpira: '2026-07-30 11:00'
2026-08-05 16:03:48 | Proceso completado Ok. .\gchavez en 'Remote Desktop Users', NumReg: 18319, Estado: '2', Expira: '2026-08-07 00:00', HoraExpira: '2026-08-05 17:00'
2026-08-11 09:27:11 | Proceso completado Ok. .\pvalle en 'Remote Desktop Users', NumReg: 18361, Estado: '2', Expira: '2026-08-13 00:00', HoraExpira: '2026-08-11 10:00'
2026-08-11 10:59:09 | Proceso completado Ok. .\ecordova en 'Remote Desktop Users', NumReg: 18335, Estado: '2', Expira: '2026-08-17 00:00', HoraExpira: '2026-08-11 09:00'
2026-08-11 11:08:28 | Proceso completado Ok. .\eavalos en 'Remote Desktop Users', NumReg: 18360, Estado: '2', Expira: '2026-08-11 00:00', HoraExpira: '2026-08-11 22:00'
2026-08-13 13:54:15 | Proceso completado Ok. .\gchavez en 'Remote Desktop Users', NumReg: 18389, Estado: '2', Expira: '2026-08-15 00:00', HoraExpira: '2026-08-13 14:00'
2026-08-14 09:44:56 | Proceso completado Ok. .\cberruz en 'Remote Desktop Users', NumReg: 19384, Estado: '2', Expira: '2026-08-16 00:00', HoraExpira: '2026-08-14 09:00'
2026-08-17 10:23:25 | Proceso completado Ok. .\jtoledo en 'Administrators', NumReg: 19422, Estado: '2', Expira: '2026-08-19 00:00', HoraExpira: '2026-08-17 11:00'
