2026-02-26 18:06:14 | [10.0.0.49 rdp_remove] Inicio remove para FIDENSLAT\jtoledo en Remote Desktop Users y remove
2026-02-26 18:06:17 | [10.0.0.49 rdp_remove] SP ejecutado rdu_infraRegistrarRevocacionRDU
2026-02-26 18:06:17 | Proceso OK
2026-02-26 18:06:18 | REMOVE OK
2026-02-27 14:07:20 | [10.0.0.49] Inicio proceso ADD de RDP para FIDENSLAT\jbogado en Administrators
2026-02-27 14:07:25 | SP ejecutado OK:: rdu_infraRegistrarAsignacionRDU Usuario [FIDENSLAT\jbogado] NumReg [16789] Estado [2]
2026-02-27 14:07:25 | [10.0.0.49 rdp_add] ERROR SP → rollback rdu_infraRegistrarAsignacionRDU
2026-02-27 14:07:28 | ERROR: ERROR: SP fallo, acceso revertido, no se asigno el acceso
2026-02-28 02:24:46 | [10.0.0.49 rdp_remove] Inicio remove para FIDENSLAT\jbogado en Administrators y remove
2026-02-28 02:24:49 | [10.0.0.49 rdp_remove] SP ejecutado rdu_infraRegistrarRevocacionRDU
2026-02-28 02:24:50 | Proceso OK
2026-02-28 02:24:50 | REMOVE OK
2026-02-28 14:49:49 | [10.0.0.49] Inicio proceso ADD de RDP para FIDENSLAT\jtoledo en Remote Desktop Users
2026-02-28 14:49:54 | SP ejecutado OK:: rdu_infraRegistrarAsignacionRDU Usuario [FIDENSLAT\jtoledo] NumReg [16800] Estado [2]
2026-02-28 14:49:55 | Proceso OK
2026-03-03 10:49:53 | [10.0.0.49 rdp_remove] Inicio remove para FIDENSLAT\jtoledo en Remote Desktop Users y remove
2026-03-03 10:49:57 | [10.0.0.49 rdp_remove] SP ejecutado rdu_infraRegistrarRevocacionRDU
2026-03-03 10:49:57 | Proceso OK
2026-03-03 10:49:57 | REMOVE OK
2026-03-06 11:04:56 | [10.0.0.49 rdp_add] No responde al ping
2026-03-06 11:06:17 | SP ejecutado OK:: rdu_infraRegistrarAsignacionRDU Usuario [FIDENSLAT\jtoledo] NumReg [16890] Estado [2]
2026-03-06 11:06:18 | Proceso OK
2026-03-07 16:29:21 | [10.0.0.102 rdp_remove] No se asigna FINALIZADO en 102 POR NumReg NULL
2026-03-07 16:35:55 | [10.0.0.102 rdp_remove] No se asigna FINALIZADO en 102 POR NumReg NULL
2026-03-07 16:48:29 | [10.0.0.102 rdp_remove] No se asigna FINALIZADO en 102 POR NumReg NULL
2026-03-07 17:06:02 | [10.0.0.102 rdp_remove] No se asigna FINALIZADO en 102 POR NumReg NULL
2026-03-10 08:55:08 | Proceso completado Ok. FIDENSLAT\jtoledo en 'Remote Desktop Users', NumReg: 16947, Estado: '2', Expira: '2026-03-12 00:00', HoraExpira: '2026-03-10 10:20'
2026-03-10 14:12:43 | Proceso completado Ok. FIDENSLAT\jbogado en 'Administrators', NumReg: 16948, Estado: '2', Expira: '2026-03-11 00:00', HoraExpira: '2026-03-10 20:00'
2026-03-10 14:19:25 | Proceso completado Ok. FIDENSLAT\jbogado en 'Administrators', NumReg: 16948, Estado: '2', Expira: '2026-03-11 00:00', HoraExpira: '2026-03-10 20:00'
2026-03-10 14:26:25 | Proceso completado Ok. FIDENSLAT\jbogado en 'Administrators', NumReg: 16948, Estado: '2', Expira: '2026-03-11 00:00', HoraExpira: '2026-03-10 20:00'
2026-03-10 14:27:24 | Proceso completado Ok. FIDENSLAT\jbogado en 'Administrators', NumReg: 16948, Estado: '2', Expira: '2026-03-11 00:00', HoraExpira: '2026-03-10 20:00'
2026-03-10 14:56:37 | Proceso completado Ok. FIDENSLAT\jbogado en 'Administrators', NumReg: 16948, Estado: '2', Expira: '2026-03-11 00:00', HoraExpira: '2026-03-10 20:00'
2026-03-10 14:58:15 | Proceso completado Ok. FIDENSLAT\jbogado en 'Administrators', NumReg: 16948, Estado: '2', Expira: '2026-03-11 00:00', HoraExpira: '2026-03-10 20:00'
2026-03-12 09:49:06 | [10.0.0.102 rdpRemove] No se asigna FINALIZADO en 102 POR NumReg NULL
2026-03-12 09:51:45 | [10.0.0.102 rdpRemove] No se asigna FINALIZADO en 102 POR NumReg NULL
2026-03-12 10:03:51 | [10.0.0.102 rdpRemove] No se asigna FINALIZADO en 102 POR NumReg NULL
2026-03-12 10:04:17 | [10.0.0.102 rdpRemove] No se asigna FINALIZADO en 102 POR NumReg NULL
2026-03-16 16:01:14 | Proceso completado Ok. FIDENSLAT\jtoledo en 'Remote Desktop Users', NumReg: 17000, Estado: '2', Expira: '2026-03-18 00:00', HoraExpira: '2026-03-16 16:15'
2026-03-19 08:35:15 | Proceso completado Ok. FIDENSLAT\jtoledo en 'Remote Desktop Users', NumReg: 17018, Estado: '2', Expira: '2026-03-20 00:00', HoraExpira: '2026-03-19 23:59'
2026-03-20 08:51:15 | 49 no registro estado ASIGNADO por Numreg NULL
2026-03-20 12:50:04 | 49 no registro estado ASIGNADO por Numreg NULL
2026-03-20 13:02:23 | 49 no registro estado ASIGNADO por Numreg NULL
2026-03-20 13:03:29 | 49 no registro estado ASIGNADO por Numreg NULL
2026-03-20 13:05:20 | 49 no registro estado ASIGNADO por Numreg NULL
2026-03-23 09:41:28 | 49 no registro estado ASIGNADO por Numreg NULL
2026-03-24 15:15:08 | 49 no registro estado ASIGNADO por Numreg NULL
2026-03-24 15:40:43 | 49 no registro estado ASIGNADO por Numreg NULL
2026-03-24 16:17:59 | 49 no registro estado ASIGNADO por Numreg NULL
2026-03-24 16:19:33 | 49 no registro estado ASIGNADO por Numreg NULL
2026-03-26 13:06:47 | Proceso completado Ok. FIDENSLAT\jtoledo en 'Remote Desktop Users', NumReg: 17084, Estado: '2', Expira: '2026-03-27 00:00', HoraExpira: '2026-03-26 23:59'
2026-03-30 11:05:37 | Proceso completado Ok. FIDENSLAT\jbarona en 'Administrators', NumReg: 17127, Estado: '2', Expira: '2026-04-01 00:00', HoraExpira: '2026-03-30 11:00'
2026-03-31 16:57:20 | Proceso completado Ok. FIDENSLAT\jtoledo en 'Remote Desktop Users', NumReg: 17140, Estado: '2', Expira: '2026-04-02 00:00', HoraExpira: '2026-03-31 18:20'
2026-04-06 08:36:00 | No se asigna REVOCADO en 49 POR NumReg NULL
2026-04-06 08:40:45 | No se asigna REVOCADO en 49 POR NumReg NULL
2026-04-06 09:29:48 | No se asigna REVOCADO en 49 POR NumReg NULL
2026-04-08 09:11:24 | Proceso completado Ok. FIDENSLAT\jtoledo en 'Remote Desktop Users', NumReg: 17208, Estado: '2', Expira: '2026-04-10 00:00', HoraExpira: '2026-04-08 10:10'
2026-04-08 17:09:30 | No se asigna REVOCADO en 49 POR NumReg NULL
2026-04-08 17:13:50 | No se asigna REVOCADO en 49 POR NumReg NULL
2026-04-09 09:49:38 | No se asigna REVOCADO en 49 POR NumReg NULL
2026-04-09 20:50:21 | No se asigna REVOCADO en 49 POR NumReg NULL
2026-04-10 10:43:44 | No se asigna REVOCADO en 49 POR NumReg NULL
2026-04-10 11:14:28 | No se asigna REVOCADO en 49 POR NumReg NULL
2026-04-10 13:23:22 | No se asigna REVOCADO en 49 POR NumReg NULL
2026-04-10 19:27:53 | No se asigna REVOCADO en 49 POR NumReg NULL
2026-04-10 20:05:56 | No se asigna REVOCADO en 49 POR NumReg NULL
2026-04-11 13:48:09 | No se asigna REVOCADO en 49 POR NumReg NULL
2026-04-11 20:12:23 | No se asigna REVOCADO en 49 POR NumReg NULL
2026-04-12 17:10:01 | No se asigna REVOCADO en 49 POR NumReg NULL
2026-04-13 14:33:00 | Proceso completado Ok. FIDENSLAT\jbogado en 'Administrators', NumReg: 17260, Estado: '2', Expira: '2026-04-13 00:00', HoraExpira: '2026-04-13 20:00'
2026-04-13 14:34:33 | Proceso completado Ok. FIDENSLAT\jtoledo en 'Remote Desktop Users', NumReg: 17275, Estado: '2', Expira: '2026-04-15 00:00', HoraExpira: '2026-04-13 15:40'
2026-04-13 19:37:27 | No se asigna REVOCADO en 49 POR NumReg NULL
2026-04-14 19:23:22 | No se asigna REVOCADO en 49 POR NumReg NULL
2026-04-15 08:28:45 | Proceso completado Ok. FIDENSLAT\kcuenca en 'Administrators', NumReg: 17283, Estado: '2', Expira: '2026-04-16 00:00', HoraExpira: '2026-04-15 11:00'
2026-04-15 16:55:58 | Proceso completado Ok. FIDENSLAT\jtoledo en , NumReg: , Estado: , Expira: '2026-04-17 17:55', HoraExpira: 
2026-04-15 16:55:58 | Proceso completado Ok. FIDENSLAT\jtoledo en 'Remote Desktop Users', NumReg: 17289, Estado: '2', Expira: '2026-04-17 00:00', HoraExpira: '2026-04-15 17:55'
2026-04-15 16:57:47 | No se asigna REVOCADO en 49 POR NumReg NULL
2026-04-15 20:47:03 | No se asigna REVOCADO en 49 POR NumReg NULL
2026-04-16 08:30:35 | No se asigna REVOCADO en 49 POR NumReg NULL
2026-04-16 10:36:01 | No se asigna REVOCADO en 49 POR NumReg NULL
2026-04-17 09:13:07 | No se asigna REVOCADO en 49 POR NumReg NULL
2026-04-17 09:14:35 | Proceso completado Ok. FIDENSLAT\kcuenca en 'Administrators', NumReg: 17300, Estado: '2', Expira: '2026-04-17 00:00', HoraExpira: '2026-04-17 18:00'
2026-04-17 09:30:51 | Proceso completado Ok. FIDENSLAT\kcuenca en , NumReg: , Estado: , Expira: '2026-04-17 18:00', HoraExpira: 
2026-04-17 09:30:52 | Proceso completado Ok. FIDENSLAT\kcuenca en 'Administrators', NumReg: 17300, Estado: '2', Expira: '2026-04-17 00:00', HoraExpira: '2026-04-17 18:00'
2026-04-17 17:48:47 | No se asigna REVOCADO en 49 POR NumReg NULL
2026-04-17 22:09:01 | No se asigna REVOCADO en 49 POR NumReg NULL
2026-04-20 08:12:25 | No se asigna REVOCADO en 49 POR NumReg NULL
2026-04-20 09:16:08 | Proceso completado Ok. FIDENSLAT\jtoledo en 'Remote Desktop Users', NumReg: 17323, Estado: '2', Expira: '2026-04-22 00:00', HoraExpira: '2026-04-20 09:45'
2026-04-20 10:03:15 | No se asigna REVOCADO en 49 POR NumReg NULL
2026-04-21 16:42:30 | No se asigna REVOCADO en 49 POR NumReg NULL
2026-04-21 20:36:08 | No se asigna REVOCADO en 49 POR NumReg NULL
2026-04-22 08:15:39 | No se asigna REVOCADO en 49 POR NumReg NULL
2026-04-22 10:47:28 | No se asigna REVOCADO en 49 POR NumReg NULL
2026-04-22 13:22:28 | No se asigna REVOCADO en 49 POR NumReg NULL
2026-04-23 10:07:03 | No se asigna REVOCADO en 49 POR NumReg NULL
2026-04-23 11:40:30 | Proceso completado Ok. FIDENSLAT\kcuenca en 'Administrators', NumReg: 17356, Estado: '2', Expira: '2026-04-24 00:00', HoraExpira: '2026-04-23 21:00'
2026-04-23 12:49:16 | Proceso completado Ok. FIDENSLAT\kcuenca en 'Administrators', NumReg: 17356, Estado: '2', Expira: '2026-04-25 00:00', HoraExpira: '2026-04-23 13:49'
2026-04-23 17:10:35 | No se asigna REVOCADO en 49 POR NumReg NULL
2026-04-24 09:04:40 | No se asigna REVOCADO en 49 POR NumReg NULL
2026-04-24 11:56:35 | No se asigna REVOCADO en 49 POR NumReg NULL
2026-04-24 18:38:07 | No se asigna REVOCADO en 49 POR NumReg NULL
2026-04-27 08:59:04 | No se asigna REVOCADO en 49 POR NumReg NULL
2026-04-27 09:03:09 | Proceso completado Ok. FIDENSLAT\jtoledo en 'Remote Desktop Users', NumReg: 17397, Estado: '2', Expira: '2026-04-29 00:00', HoraExpira: '2026-04-27 10:00'
2026-04-27 09:26:24 | No se asigna REVOCADO en 49 POR NumReg NULL
2026-04-29 17:05:25 | Proceso completado Ok. FIDENSLAT\jtoledo en 'Administrators', NumReg: 17414, Estado: '2', Expira: '2026-05-01 00:00', HoraExpira: '2026-04-29 17:15'
2026-04-29 17:50:54 | No se asigna REVOCADO en 49 POR NumReg NULL
2026-05-04 08:30:43 | No se asigna REVOCADO en 49 POR NumReg NULL
2026-05-04 09:07:48 | Proceso completado Ok. FIDENSLAT\jtoledo en 'Remote Desktop Users', NumReg: 17446, Estado: '2', Expira: '2026-05-06 00:00', HoraExpira: '2026-05-04 09:55'
2026-05-06 13:03:01 | No se asigna REVOCADO en 49 POR NumReg NULL
2026-05-07 07:49:24 | No se asigna REVOCADO en 49 POR NumReg NULL
2026-05-07 18:18:32 | Proceso completado Ok. FIDENSLAT\jtoledo en 'Remote Desktop Users', NumReg: 17480, Estado: '2', Expira: '2026-05-08 00:00', HoraExpira: '2026-05-07 23:59'
2026-05-07 18:20:36 | No se asigna REVOCADO en 49 POR NumReg NULL
2026-05-08 08:12:22 | No se asigna REVOCADO en 49 POR NumReg NULL
2026-05-08 19:15:42 | No se asigna REVOCADO en 49 POR NumReg NULL
2026-05-10 12:11:56 | No se asigna REVOCADO en 49 POR NumReg NULL
2026-05-11 09:00:36 | No se asigna REVOCADO en 49 POR NumReg NULL
2026-05-11 09:11:00 | Proceso completado Ok. FIDENSLAT\jtoledo en 'Remote Desktop Users', NumReg: 17523, Estado: '2', Expira: '2026-05-13 00:00', HoraExpira: '2026-05-11 09:35'
2026-05-11 09:59:50 | No se asigna REVOCADO en 49 POR NumReg NULL
2026-05-12 20:50:50 | No se asigna REVOCADO en 49 POR NumReg NULL
2026-05-13 08:40:07 | No se asigna REVOCADO en 49 POR NumReg NULL
2026-05-13 09:39:49 | No se asigna REVOCADO en 49 POR NumReg NULL
2026-05-13 10:18:16 | No se asigna REVOCADO en 49 POR NumReg NULL
2026-05-13 17:05:23 | No se asigna REVOCADO en 49 POR NumReg NULL
2026-05-14 12:48:06 | Proceso completado Ok. FIDENSLAT\jtoledo en 'Remote Desktop Users', NumReg: 17548, Estado: '2', Expira: '2026-05-15 00:00', HoraExpira: '2026-05-14 09:25'
2026-05-14 13:27:38 | Proceso completado Ok. FIDENSLAT\sbriones en 'Remote Desktop Users', NumReg: 17554, Estado: '2', Expira: '2026-05-16 00:00', HoraExpira: '2026-05-14 13:00'
2026-05-15 09:03:34 | No se asigna REVOCADO en 49 POR NumReg NULL
2026-05-15 16:48:16 | No se asigna REVOCADO en 49 POR NumReg NULL
2026-05-17 14:19:27 | No se asigna REVOCADO en 49 POR NumReg NULL
2026-05-17 14:21:12 | No se asigna REVOCADO en 49 POR NumReg NULL
2026-05-18 09:00:47 | No se asigna REVOCADO en 49 POR NumReg NULL
2026-05-18 10:28:46 | Proceso completado Ok. FIDENSLAT\jtoledo en 'Remote Desktop Users', NumReg: 17597, Estado: '2', Expira: '2026-05-20 00:00', HoraExpira: '2026-05-18 11:30'
2026-05-18 19:59:43 | No se asigna REVOCADO en 49 POR NumReg NULL
2026-05-20 08:25:00 | No se asigna REVOCADO en 49 POR NumReg NULL
2026-05-20 11:04:45 | No se asigna REVOCADO en 49 POR NumReg NULL
2026-05-21 08:58:37 | No se asigna REVOCADO en 49 POR NumReg NULL
2026-05-22 09:19:31 | No se asigna REVOCADO en 49 POR NumReg NULL
2026-05-22 14:22:08 | No se asigna REVOCADO en 49 POR NumReg NULL
2026-05-22 22:03:07 | No se asigna REVOCADO en 49 POR NumReg NULL
2026-05-25 16:09:32 | Proceso completado Ok. FIDENSLAT\jtoledo en 'Remote Desktop Users', NumReg: 17657, Estado: '2', Expira: '2026-05-27 00:00', HoraExpira: '2026-05-25 16:20'
2026-05-26 08:10:19 | No se asigna REVOCADO en 49 POR NumReg NULL
2026-05-27 15:14:14 | Proceso completado Ok. FIDENSLAT\mcobos en 'Remote Desktop Users', NumReg: 17682, Estado: '2', Expira: '2026-06-01 00:00', HoraExpira: '2026-05-27 11:00'
2026-05-28 09:16:35 | No se asigna REVOCADO en 49 POR NumReg NULL
2026-06-01 10:43:20 | Proceso completado Ok. FIDENSLAT\jtoledo en 'Remote Desktop Users', NumReg: 17725, Estado: '2', Expira: '2026-06-03 00:00', HoraExpira: '2026-06-01 10:10'
2026-06-03 09:27:23 | No se asigna REVOCADO en 49 POR NumReg NULL
2026-06-03 13:03:39 | ERROR: ADD_FAIL: FIDENSLAT\jtoledo is already a member of group Administrators.
2026-06-03 14:19:00 | ERROR: ADD_FAIL: FIDENSLAT\jtoledo is already a member of group Administrators.
2026-06-03 14:20:11 | ERROR: ADD_FAIL: FIDENSLAT\jtoledo is already a member of group Administrators.
2026-06-03 14:23:21 | Proceso completado Ok. FIDENSLAT\jtoledo en 'Administrators', NumReg: 17734, Estado: '2', Expira: '2026-06-05 00:00', HoraExpira: '2026-06-03 12:05'
2026-06-04 10:42:34 | No se asigna REVOCADO en 49 POR NumReg NULL
2026-06-04 18:28:12 | No se asigna REVOCADO en 49 POR NumReg NULL
2026-06-05 08:41:31 | No se asigna REVOCADO en 49 POR NumReg NULL
2026-06-05 15:36:17 | No se asigna REVOCADO en 49 POR NumReg NULL
2026-06-06 21:38:17 | No se asigna REVOCADO en 49 POR NumReg NULL
2026-06-08 09:15:10 | No se asigna REVOCADO en 49 POR NumReg NULL
2026-06-08 09:59:55 | No se asigna REVOCADO en 49 POR NumReg NULL
2026-06-10 09:12:58 | No se asigna REVOCADO en 49 POR NumReg NULL
2026-06-10 09:37:22 | No se asigna REVOCADO en 49 POR NumReg NULL
2026-06-10 12:31:28 | No se asigna REVOCADO en 49 POR NumReg NULL
2026-06-11 08:52:31 | No se asigna REVOCADO en 49 POR NumReg NULL
2026-06-11 14:57:39 | Proceso completado Ok. FIDENSLAT\jtoledo en 'Remote Desktop Users', NumReg: 17812, Estado: '2', Expira: '2026-06-12 00:00', HoraExpira: '2026-06-11 23:59'
2026-06-11 15:59:17 | No se asigna REVOCADO en 49 POR NumReg NULL
2026-06-12 09:20:41 | No se asigna REVOCADO en 49 POR NumReg NULL
2026-06-12 10:06:55 | No se asigna REVOCADO en 49 POR NumReg NULL
2026-06-12 11:46:59 | No se asigna REVOCADO en 49 POR NumReg NULL
2026-06-15 09:08:06 | No se asigna REVOCADO en 49 POR NumReg NULL
